// Jest Snapshot v1, https://goo.gl/fbAQLP

exports[`Get a snapshot of Quote component 1`] = `
<div
  className="quotesPg"
>
  <p
    data-testid="mathquote"
  >
    Mathematics is not about numbers, equations, computations, or algorithms: it is about understanding. - William Paul Thurston
  </p>
</div>
`;
